    Blocking waiting for file lock on package cache
    Blocking waiting for file lock on package cache
    Blocking waiting for file lock on package cache
   Compiling proc-macro2 v1.0.107
   Compiling unicode-ident v1.0.24
   Compiling quote v1.0.47
   Compiling serde_core v1.0.229
   Compiling libc v0.2.189
   Compiling utf8parse v0.2.2
   Compiling crossbeam-utils v0.8.22
   Compiling zmij v1.0.23
   Compiling anstyle v1.0.14
   Compiling colorchoice v1.0.5
   Compiling anstyle-parse v1.0.0
   Compiling is_terminal_polyfill v1.70.2
   Compiling serde v1.0.229
   Compiling anstyle-query v1.1.5
   Compiling heck v0.5.0
   Compiling serde_json v1.0.151
   Compiling anstream v1.0.0
   Compiling clap_lex v1.1.0
   Compiling anyhow v1.0.104
   Compiling strsim v0.11.1
   Compiling clap_builder v4.6.6
   Compiling itoa v1.0.18
   Compiling memchr v2.8.3
   Compiling log v0.4.34
   Compiling cfg-if v1.0.4
   Compiling libloading v0.8.9
   Compiling socket2 v0.6.5
   Compiling mio v1.2.3
   Compiling crossbeam-channel v0.5.16
   Compiling syn v3.0.5
   Compiling serde_derive v1.0.229
   Compiling clap_derive v4.6.4
   Compiling clap v4.6.6
   Compiling ipnet v2.12.1
   Compiling rustswitch-media v0.2.0 (/workspace/yunfu-voice-runtime/outputs/云蝠VoiceRuntime-项目资料-2026-09-08/source/asr-candidate/media)
warning: stripping debug info with `rust-objcopy` failed: signal: 6 (SIGABRT)
  |
  = note: dyld[55180]: Library not loaded: @rpath/libLLVM.dylib
            Referenced from: <AC0D75A8-23BF-301F-B7CE-3E5CC0C1BC06> /workspace/yunfu-voice-runtime/work/toolchain/rustup/toolchains/stable-aarch64-apple-darwin/lib/rustlib/aarch64-apple-darwin/bin/rust-objcopy
            Reason: tried: '/workspace/yunfu-voice-runtime/work/toolchain/rustup/toolchains/stable-aarch64-apple-darwin/lib/rustlib/aarch64-apple-darwin/bin/../lib/libLLVM.dylib' (no such file), '/workspace/yunfu-voice-runtime/work/toolchain/rustup/toolchains/stable-aarch64-apple-darwin/lib/rustlib/aarch64-apple-darwin/bin/../lib/libLLVM.dylib' (no such file), '/workspace/yunfu-voice-runtime/work/project-delivery-2026-09-08/build-asr-candidate-01/cargo-target/release/deps/libLLVM.dylib' (no such file), '/home/developer/lib/libLLVM.dylib' (no such file), '/usr/local/lib/libLLVM.dylib' (no such file), '/usr/lib/libLLVM.dylib' (no such file, not in dyld cache)
          

warning: `rustswitch-media` (bin "rustswitch-media") generated 1 warning
    Finished `release` profile [optimized] target(s) in 26.93s
